<html>
<body>
<pre>
<h1>µVision Build Log</h1>
<h2>Project:</h2>
C:\Users\kuba\Desktop\Git PPSW\moduly\JM\CwiczeniaLabPPSW.uvproj
Project File Date:  06/02/2021

<h2>Output:</h2>
Rebuild target 'Target 1'
assembling Startup.s...
compiling main.c...
led.h(1): warning:  #1295-D: Deprecated declaration LedeInit - give arg types
led.h(2): warning:  #1295-D: Deprecated declaration LedStepLeft - give arg types
led.h(3): warning:  #1-D: last line of file ends without a newline
led.h(3): warning:  #1295-D: Deprecated declaration LedStepRight - give arg types
keyboard.h(2): warning:  #1295-D: Deprecated declaration eKeyboardRead - give arg types
keyboard.h(4): warning:  #1-D: last line of file ends without a newline
keyboard.h(4): warning:  #1295-D: Deprecated declaration KeyboardInit - give arg types
compiling led.c...
led.h(1): warning:  #1295-D: Deprecated declaration LedeInit - give arg types
led.h(2): warning:  #1295-D: Deprecated declaration LedStepLeft - give arg types
led.h(3): warning:  #1-D: last line of file ends without a newline
led.h(3): warning:  #1295-D: Deprecated declaration LedStepRight - give arg types
led.c(53): warning:  #1-D: last line of file ends without a newline
compiling keyboard.c...
keyboard.h(2): warning:  #1295-D: Deprecated declaration eKeyboardRead - give arg types
keyboard.h(4): warning:  #1-D: last line of file ends without a newline
keyboard.h(4): warning:  #1295-D: Deprecated declaration KeyboardInit - give arg types
keyboard.c(27): warning:  #1-D: last line of file ends without a newline
linking...
Program Size: Code=1244 RO-data=32 RW-data=4 ZI-data=1260  
FromELF: creating hex file...
".\CwiczeniaLabPPSW.axf" - 0 Errors, 16 Warning(s).
